{
    "name": "name-me",
    "description": "Converted from phing to composer",
    "require": {
        "silverstripe/cms": "30.x-dev",
        "silverstripe/framework": "30.x-dev",
        "custom-silverstripe-fork/blog": "dev-master",
        "custom-silverstripe-fork/payment": "dev-master",
        "custom-silverstripe-fork/recaptcha": "dev-master",
        "custom-silverstripe-fork/userforms": "dev-master",
        "custom-silverstripe-fork/spamprotection": "dev-master",
        "custom-silverstripe-fork/fulltextsearch": "dev-master",
        "custom-silverstripe-fork/personalisation": "dev-master",
        "custom-silverstripe-fork/googleaddressfield": "dev-master",
        "custom-silverstripe-fork/documentconverter": "dev-master",
        "custom-silverstripe-fork/widgets": "dev-master",
        "silverstripe/sqlite3": "dev-master",
        "custom-silverstripe-fork/translatable": "dev-master",
        "silverstripe/comments": "dev-master"
    },
    "repositories": [
        {
            "type": "package",
            "package": {
                "name": "custom-silverstripe-fork/blog",
                "version": "dev-master",
                "type": "silverstripe-module",
                "require": {
                    "composer/installers": "*"
                },
                "source": {
                    "url": "ssh://git@gitorious.silverstripe.com:2222/plunket/blog-module.git",
                    "type": "git",
                    "reference": "master"
                }
            }
        },
        {
            "type": "package",
            "package": {
                "name": "custom-silverstripe-fork/payment",
                "version": "dev-master",
                "type": "silverstripe-module",
                "require": {
                    "composer/installers": "*"
                },
                "source": {
                    "url": "ssh://git@gitorious.silverstripe.com:2222/plunket/payment.git",
                    "type": "git",
                    "reference": "master"
                }
            }
        },
        {
            "type": "package",
            "package": {
                "name": "custom-silverstripe-fork/recaptcha",
                "version": "dev-master",
                "type": "silverstripe-module",
                "require": {
                    "composer/installers": "*"
                },
                "source": {
                    "url": "ssh://git@gitorious.silverstripe.com:2222/plunket/recaptcha.git",
                    "type": "git",
                    "reference": "master"
                }
            }
        },
        {
            "type": "package",
            "package": {
                "name": "custom-silverstripe-fork/userforms",
                "version": "dev-master",
                "type": "silverstripe-module",
                "require": {
                    "composer/installers": "*"
                },
                "source": {
                    "url": "ssh://git@gitorious.silverstripe.com:2222/plunket/userforms.git",
                    "type": "git",
                    "reference": "master"
                }
            }
        },
        {
            "type": "package",
            "package": {
                "name": "custom-silverstripe-fork/spamprotection",
                "version": "dev-master",
                "type": "silverstripe-module",
                "require": {
                    "composer/installers": "*"
                },
                "source": {
                    "url": "ssh://git@gitorious.silverstripe.com:2222/plunket/spamprotection.git",
                    "type": "git",
                    "reference": "master"
                }
            }
        },
        {
            "type": "package",
            "package": {
                "name": "custom-silverstripe-fork/fulltextsearch",
                "version": "dev-master",
                "type": "silverstripe-module",
                "require": {
                    "composer/installers": "*"
                },
                "source": {
                    "url": "ssh://git@gitorious.silverstripe.com:2222/plunket/fulltextsearch.git",
                    "type": "git",
                    "reference": "master"
                }
            }
        },
        {
            "type": "package",
            "package": {
                "name": "custom-silverstripe-fork/personalisation",
                "version": "dev-master",
                "type": "silverstripe-module",
                "require": {
                    "composer/installers": "*"
                },
                "source": {
                    "url": "ssh://git@gitorious.silverstripe.com:2222/plunket/personalisation.git",
                    "type": "git",
                    "reference": "master"
                }
            }
        },
        {
            "type": "package",
            "package": {
                "name": "custom-silverstripe-fork/googleaddressfield",
                "version": "dev-master",
                "type": "silverstripe-module",
                "require": {
                    "composer/installers": "*"
                },
                "source": {
                    "url": "ssh://git@gitorious.silverstripe.com:2222/plunket/googleaddressfield.git",
                    "type": "git",
                    "reference": "master"
                }
            }
        },
        {
            "type": "package",
            "package": {
                "name": "custom-silverstripe-fork/documentconverter",
                "version": "dev-master",
                "type": "silverstripe-module",
                "require": {
                    "composer/installers": "*"
                },
                "source": {
                    "url": "ssh://git@gitorious.silverstripe.com:2222/super-marvellous-core/documentconverter.git",
                    "type": "git",
                    "reference": "master"
                }
            }
        },
        {
            "type": "package",
            "package": {
                "name": "custom-silverstripe-fork/widgets",
                "version": "dev-master",
                "type": "silverstripe-module",
                "require": {
                    "composer/installers": "*"
                },
                "source": {
                    "url": "ssh://git@gitorious.silverstripe.com:2222/plunket/widgets.git",
                    "type": "git",
                    "reference": "master"
                }
            }
        },
        {
            "type": "package",
            "package": {
                "name": "custom-silverstripe-fork/translatable",
                "version": "dev-master",
                "type": "silverstripe-module",
                "require": {
                    "composer/installers": "*"
                },
                "source": {
                    "url": "ssh://git@gitorious.silverstripe.com:2222/super-marvellous-core/translatable.git",
                    "type": "git",
                    "reference": "master"
                }
            }
        }
    ],
    "minimum-stability": "dev"
}
